INFO Draco mesh compression is available, use library at C:\Program Files\Blender Foundation\Blender 4.4\4.4\scripts\addons_core\io_scene_gltf2\extern_draco.dll
21:42:15 | INFO: Starting glTF 2.0 export
21:42:15 | INFO: Extracting primitive: reference_mesh
21:42:15 | INFO: Primitives created: 4
21:42:16 | INFO: Finished glTF 2.0 export in 0.9845919609069824 s
Blender 4.4.3 (hash 802179c51ccc built 2025-04-29 15:39:58)
Warning: Path 'C:\Program Files\Blender Foundation\Blender 4.4\4.4\datafiles\assets\brushes\essentials_brushes-gp_draw.blend' cannot be made relative for Material 'Dots Stroke'
Warning: Path 'C:\Program Files\Blender Foundation\Blender 4.4\4.4\datafiles\assets\brushes\essentials_brushes-gp_draw.blend' cannot be made relative for Material 'Material'
Fra:1 Mem:16.41M (Peak 16.41M) | Time:00:00.00 | Mem:0.00M, Peak:0.00M | Scene, ViewLayer | Synchronizing object | STUDIO_Ground
Fra:1 Mem:16.41M (Peak 16.41M) | Time:00:00.00 | Mem:0.00M, Peak:0.00M | Scene, ViewLayer | Synchronizing object | reference
Fra:1 Mem:16.45M (Peak 16.45M) | Time:00:00.00 | Mem:0.00M, Peak:0.00M | Scene, ViewLayer | Initializing
Fra:1 Mem:15.06M (Peak 16.45M) | Time:00:00.00 | Mem:0.00M, Peak:0.00M | Scene, ViewLayer | Waiting for render to start
Fra:1 Mem:15.06M (Peak 16.45M) | Time:00:00.00 | Mem:0.00M, Peak:0.00M | Scene, ViewLayer | Loading render kernels (may take a few minutes the first time)
Fra:1 Mem:15.06M (Peak 16.45M) | Time:00:00.00 | Mem:0.00M, Peak:0.00M | Scene, ViewLayer | Updating Scene
Fra:1 Mem:15.06M (Peak 16.45M) | Time:00:00.00 | Mem:0.00M, Peak:0.00M | Scene, ViewLayer | Updating Shaders
Fra:1 Mem:15.16M (Peak 16.45M) | Time:00:00.00 | Mem:0.01M, Peak:0.01M | Scene, ViewLayer | Updating Procedurals
Fra:1 Mem:15.16M (Peak 16.45M) | Time:00:00.00 | Mem:0.01M, Peak:0.01M | Scene, ViewLayer | Updating Background
Fra:1 Mem:15.16M (Peak 16.45M) | Time:00:00.00 | Mem:0.01M, Peak:0.01M | Scene, ViewLayer | Updating Camera
Fra:1 Mem:15.16M (Peak 16.45M) | Time:00:00.00 | Mem:0.01M, Peak:0.01M | Scene, ViewLayer | Updating Meshes Flags
Fra:1 Mem:15.16M (Peak 16.45M) | Time:00:00.00 | Mem:0.01M, Peak:0.01M | Scene, ViewLayer | Updating Objects
Fra:1 Mem:15.16M (Peak 16.45M) | Time:00:00.00 | Mem:0.01M, Peak:0.01M | Scene, ViewLayer | Updating Objects | Copying Transformations to device
Fra:1 Mem:15.16M (Peak 16.45M) | Time:00:00.00 | Mem:0.01M, Peak:0.01M | Scene, ViewLayer | Updating Objects | Applying Static Transformations
Fra:1 Mem:15.16M (Peak 16.45M) | Time:00:00.00 | Mem:0.01M, Peak:0.01M | Scene, ViewLayer | Updating Particle Systems
Fra:1 Mem:15.16M (Peak 16.45M) | Time:00:00.00 | Mem:0.01M, Peak:0.01M | Scene, ViewLayer | Updating Particle Systems | Copying Particles to device
Fra:1 Mem:15.16M (Peak 16.45M) | Time:00:00.00 | Mem:0.01M, Peak:0.01M | Scene, ViewLayer | Updating Meshes
Fra:1 Mem:15.17M (Peak 16.45M) | Time:00:00.00 | Mem:0.01M, Peak:0.01M | Scene, ViewLayer | Updating Mesh | Computing attributes
Fra:1 Mem:15.17M (Peak 16.45M) | Time:00:00.00 | Mem:0.01M, Peak:0.01M | Scene, ViewLayer | Updating Mesh | Copying Attributes to device
Fra:1 Mem:15.17M (Peak 16.45M) | Time:00:00.00 | Mem:0.02M, Peak:0.02M | Scene, ViewLayer | Updating Scene BVH | Building
Fra:1 Mem:15.17M (Peak 16.45M) | Time:00:00.00 | Mem:0.02M, Peak:0.02M | Scene, ViewLayer | Updating Scene BVH | Building BVH
Fra:1 Mem:15.17M (Peak 16.45M) | Time:00:00.00 | Mem:0.03M, Peak:0.03M | Scene, ViewLayer | Updating Scene BVH | Building BVH 0%
Fra:1 Mem:15.17M (Peak 16.45M) | Time:00:00.00 | Mem:0.05M, Peak:0.07M | Scene, ViewLayer | Updating Scene BVH | Copying BVH to device
Fra:1 Mem:15.17M (Peak 16.45M) | Time:00:00.00 | Mem:0.05M, Peak:0.07M | Scene, ViewLayer | Updating Mesh | Computing normals
Fra:1 Mem:15.19M (Peak 16.45M) | Time:00:00.00 | Mem:0.05M, Peak:0.07M | Scene, ViewLayer | Updating Mesh | Copying Mesh to device
Fra:1 Mem:15.19M (Peak 16.45M) | Time:00:00.00 | Mem:0.07M, Peak:0.07M | Scene, ViewLayer | Updating Objects Flags
Fra:1 Mem:15.19M (Peak 16.45M) | Time:00:00.00 | Mem:0.07M, Peak:0.07M | Scene, ViewLayer | Updating Primitive Offsets
Fra:1 Mem:15.19M (Peak 16.45M) | Time:00:00.00 | Mem:0.07M, Peak:0.07M | Scene, ViewLayer | Updating Images
Fra:1 Mem:15.19M (Peak 16.45M) | Time:00:00.00 | Mem:0.07M, Peak:0.07M | Scene, ViewLayer | Updating Camera Volume
Fra:1 Mem:15.19M (Peak 16.45M) | Time:00:00.00 | Mem:0.07M, Peak:0.07M | Scene, ViewLayer | Updating Lookup Tables
Fra:1 Mem:15.19M (Peak 16.45M) | Time:00:00.00 | Mem:0.15M, Peak:0.15M | Scene, ViewLayer | Updating Lights
Fra:1 Mem:15.19M (Peak 16.45M) | Time:00:00.00 | Mem:0.15M, Peak:0.15M | Scene, ViewLayer | Updating Lights | Computing tree
Fra:1 Mem:15.19M (Peak 16.45M) | Time:00:00.00 | Mem:0.15M, Peak:0.15M | Scene, ViewLayer | Updating Integrator
Fra:1 Mem:15.19M (Peak 16.45M) | Time:00:00.00 | Mem:0.15M, Peak:0.15M | Scene, ViewLayer | Updating Film
Fra:1 Mem:15.19M (Peak 16.45M) | Time:00:00.00 | Mem:0.07M, Peak:0.15M | Scene, ViewLayer | Updating Lookup Tables
Fra:1 Mem:15.19M (Peak 16.45M) | Time:00:00.00 | Mem:0.16M, Peak:0.16M | Scene, ViewLayer | Updating Baking
Fra:1 Mem:15.19M (Peak 16.45M) | Time:00:00.00 | Mem:0.16M, Peak:0.16M | Scene, ViewLayer | Updating Device | Writing constant memory
Fra:1 Mem:15.19M (Peak 16.45M) | Time:00:00.00 | Mem:0.16M, Peak:0.16M | Scene, ViewLayer | Loading denoising kernels (may take a few minutes the first time)
Fra:1 Mem:15.19M (Peak 16.45M) | Time:00:00.00 | Mem:0.16M, Peak:0.16M | Scene, ViewLayer | Sample 0/24
Fra:1 Mem:102.36M (Peak 102.36M) | Time:00:00.35 | Remaining:00:08.04 | Mem:87.13M, Peak:87.13M | Scene, ViewLayer | Sample 1/24
Fra:1 Mem:138.98M (Peak 193.92M) | Time:00:11.15 | Mem:87.13M, Peak:87.13M | Scene, ViewLayer | Sample 24/24
Fra:1 Mem:138.98M (Peak 193.92M) | Time:00:11.15 | Mem:87.13M, Peak:87.13M | Scene, ViewLayer | Finished
Saved: 'D:\projects\njin\src\games\sandtable\assets\characters\clay_people\generated\reference.png'
Time: 00:11.51 (Saving: 00:00.35)


Info: Saved "reference.blend"
21:42:28 | INFO: Starting glTF 2.0 export
21:42:28 | INFO: Extracting primitive: lookout_mesh
21:42:28 | INFO: Primitives created: 4
21:42:30 | INFO: Finished glTF 2.0 export in 1.288292646408081 s
Fra:1 Mem:18.02M (Peak 18.02M) | Time:00:00.00 | Mem:0.00M, Peak:0.00M | Scene, ViewLayer | Synchronizing object | STUDIO_Ground
Fra:1 Mem:18.02M (Peak 18.02M) | Time:00:00.00 | Mem:0.00M, Peak:0.00M | Scene, ViewLayer | Synchronizing object | lookout
Fra:1 Mem:18.06M (Peak 18.06M) | Time:00:00.00 | Mem:0.00M, Peak:0.00M | Scene, ViewLayer | Initializing
Fra:1 Mem:16.59M (Peak 18.06M) | Time:00:00.00 | Mem:0.00M, Peak:0.00M | Scene, ViewLayer | Waiting for render to start
Fra:1 Mem:16.59M (Peak 18.06M) | Time:00:00.00 | Mem:0.00M, Peak:0.00M | Scene, ViewLayer | Loading render kernels (may take a few minutes the first time)
Fra:1 Mem:16.59M (Peak 18.06M) | Time:00:00.00 | Mem:0.00M, Peak:0.00M | Scene, ViewLayer | Updating Scene
Fra:1 Mem:16.59M (Peak 18.06M) | Time:00:00.00 | Mem:0.00M, Peak:0.00M | Scene, ViewLayer | Updating Shaders
Fra:1 Mem:16.69M (Peak 18.06M) | Time:00:00.00 | Mem:0.01M, Peak:0.01M | Scene, ViewLayer | Updating Procedurals
Fra:1 Mem:16.69M (Peak 18.06M) | Time:00:00.00 | Mem:0.01M, Peak:0.01M | Scene, ViewLayer | Updating Background
Fra:1 Mem:16.69M (Peak 18.06M) | Time:00:00.00 | Mem:0.01M, Peak:0.01M | Scene, ViewLayer | Updating Camera
Fra:1 Mem:16.69M (Peak 18.06M) | Time:00:00.00 | Mem:0.01M, Peak:0.01M | Scene, ViewLayer | Updating Meshes Flags
Fra:1 Mem:16.69M (Peak 18.06M) | Time:00:00.00 | Mem:0.01M, Peak:0.01M | Scene, ViewLayer | Updating Objects
Fra:1 Mem:16.69M (Peak 18.06M) | Time:00:00.00 | Mem:0.01M, Peak:0.01M | Scene, ViewLayer | Updating Objects | Copying Transformations to device
Fra:1 Mem:16.69M (Peak 18.06M) | Time:00:00.00 | Mem:0.01M, Peak:0.01M | Scene, ViewLayer | Updating Objects | Applying Static Transformations
Fra:1 Mem:16.69M (Peak 18.06M) | Time:00:00.00 | Mem:0.01M, Peak:0.01M | Scene, ViewLayer | Updating Particle Systems
Fra:1 Mem:16.69M (Peak 18.06M) | Time:00:00.00 | Mem:0.01M, Peak:0.01M | Scene, ViewLayer | Updating Particle Systems | Copying Particles to device
Fra:1 Mem:16.69M (Peak 18.06M) | Time:00:00.00 | Mem:0.01M, Peak:0.01M | Scene, ViewLayer | Updating Meshes
Fra:1 Mem:16.70M (Peak 18.06M) | Time:00:00.00 | Mem:0.01M, Peak:0.01M | Scene, ViewLayer | Updating Mesh | Computing attributes
Fra:1 Mem:16.70M (Peak 18.06M) | Time:00:00.00 | Mem:0.01M, Peak:0.01M | Scene, ViewLayer | Updating Mesh | Copying Attributes to device
Fra:1 Mem:16.70M (Peak 18.06M) | Time:00:00.00 | Mem:0.02M, Peak:0.02M | Scene, ViewLayer | Updating Scene BVH | Building
Fra:1 Mem:16.70M (Peak 18.06M) | Time:00:00.00 | Mem:0.02M, Peak:0.02M | Scene, ViewLayer | Updating Scene BVH | Building BVH
Fra:1 Mem:16.70M (Peak 18.06M) | Time:00:00.00 | Mem:0.03M, Peak:0.03M | Scene, ViewLayer | Updating Scene BVH | Building BVH 0%
Fra:1 Mem:16.70M (Peak 18.06M) | Time:00:00.00 | Mem:0.06M, Peak:0.07M | Scene, ViewLayer | Updating Scene BVH | Copying BVH to device
Fra:1 Mem:16.70M (Peak 18.06M) | Time:00:00.00 | Mem:0.06M, Peak:0.07M | Scene, ViewLayer | Updating Mesh | Computing normals
Fra:1 Mem:16.72M (Peak 18.06M) | Time:00:00.00 | Mem:0.06M, Peak:0.07M | Scene, ViewLayer | Updating Mesh | Copying Mesh to device
Fra:1 Mem:16.72M (Peak 18.06M) | Time:00:00.00 | Mem:0.08M, Peak:0.08M | Scene, ViewLayer | Updating Objects Flags
Fra:1 Mem:16.72M (Peak 18.06M) | Time:00:00.00 | Mem:0.08M, Peak:0.08M | Scene, ViewLayer | Updating Primitive Offsets
Fra:1 Mem:16.72M (Peak 18.06M) | Time:00:00.00 | Mem:0.08M, Peak:0.08M | Scene, ViewLayer | Updating Images
Fra:1 Mem:16.72M (Peak 18.06M) | Time:00:00.00 | Mem:0.08M, Peak:0.08M | Scene, ViewLayer | Updating Camera Volume
Fra:1 Mem:16.72M (Peak 18.06M) | Time:00:00.00 | Mem:0.08M, Peak:0.08M | Scene, ViewLayer | Updating Lookup Tables
Fra:1 Mem:16.72M (Peak 18.06M) | Time:00:00.00 | Mem:0.16M, Peak:0.16M | Scene, ViewLayer | Updating Lights
Fra:1 Mem:16.72M (Peak 18.06M) | Time:00:00.00 | Mem:0.16M, Peak:0.16M | Scene, ViewLayer | Updating Lights | Computing tree
Fra:1 Mem:16.72M (Peak 18.06M) | Time:00:00.00 | Mem:0.16M, Peak:0.16M | Scene, ViewLayer | Updating Integrator
Fra:1 Mem:16.72M (Peak 18.06M) | Time:00:00.00 | Mem:0.16M, Peak:0.16M | Scene, ViewLayer | Updating Film
Fra:1 Mem:16.73M (Peak 18.06M) | Time:00:00.00 | Mem:0.08M, Peak:0.16M | Scene, ViewLayer | Updating Lookup Tables
Fra:1 Mem:16.73M (Peak 18.06M) | Time:00:00.00 | Mem:0.16M, Peak:0.16M | Scene, ViewLayer | Updating Baking
Fra:1 Mem:16.73M (Peak 18.06M) | Time:00:00.00 | Mem:0.16M, Peak:0.16M | Scene, ViewLayer | Updating Device | Writing constant memory
Fra:1 Mem:16.73M (Peak 18.06M) | Time:00:00.00 | Mem:0.16M, Peak:0.16M | Scene, ViewLayer | Loading denoising kernels (may take a few minutes the first time)
Fra:1 Mem:16.73M (Peak 18.06M) | Time:00:00.00 | Mem:0.16M, Peak:0.16M | Scene, ViewLayer | Sample 0/24
Fra:1 Mem:103.89M (Peak 103.89M) | Time:00:00.37 | Remaining:00:08.34 | Mem:87.14M, Peak:87.14M | Scene, ViewLayer | Sample 1/24
Fra:1 Mem:140.52M (Peak 195.45M) | Time:00:11.28 | Mem:87.14M, Peak:87.14M | Scene, ViewLayer | Sample 24/24
Fra:1 Mem:140.52M (Peak 195.45M) | Time:00:11.28 | Mem:87.14M, Peak:87.14M | Scene, ViewLayer | Finished
Saved: 'D:\projects\njin\src\games\sandtable\assets\characters\clay_people\generated\lookout.png'
Time: 00:11.44 (Saving: 00:00.15)


Info: Saved "lookout.blend"
21:42:41 | INFO: Starting glTF 2.0 export
21:42:41 | INFO: Extracting primitive: collector_mesh
21:42:42 | INFO: Primitives created: 5
21:42:43 | INFO: Finished glTF 2.0 export in 1.773531436920166 s
Fra:1 Mem:19.62M (Peak 19.62M) | Time:00:00.00 | Mem:0.00M, Peak:0.00M | Scene, ViewLayer | Synchronizing object | STUDIO_Ground
Fra:1 Mem:19.62M (Peak 19.62M) | Time:00:00.00 | Mem:0.00M, Peak:0.00M | Scene, ViewLayer | Synchronizing object | collector
Fra:1 Mem:19.66M (Peak 19.66M) | Time:00:00.00 | Mem:0.00M, Peak:0.00M | Scene, ViewLayer | Initializing
Fra:1 Mem:18.12M (Peak 19.66M) | Time:00:00.00 | Mem:0.00M, Peak:0.00M | Scene, ViewLayer | Waiting for render to start
Fra:1 Mem:18.12M (Peak 19.66M) | Time:00:00.00 | Mem:0.00M, Peak:0.00M | Scene, ViewLayer | Loading render kernels (may take a few minutes the first time)
Fra:1 Mem:18.12M (Peak 19.66M) | Time:00:00.00 | Mem:0.00M, Peak:0.00M | Scene, ViewLayer | Updating Scene
Fra:1 Mem:18.12M (Peak 19.66M) | Time:00:00.00 | Mem:0.00M, Peak:0.00M | Scene, ViewLayer | Updating Shaders
Fra:1 Mem:18.21M (Peak 19.66M) | Time:00:00.00 | Mem:0.01M, Peak:0.01M | Scene, ViewLayer | Updating Procedurals
Fra:1 Mem:18.21M (Peak 19.66M) | Time:00:00.00 | Mem:0.01M, Peak:0.01M | Scene, ViewLayer | Updating Background
Fra:1 Mem:18.21M (Peak 19.66M) | Time:00:00.00 | Mem:0.01M, Peak:0.01M | Scene, ViewLayer | Updating Camera
Fra:1 Mem:18.21M (Peak 19.66M) | Time:00:00.00 | Mem:0.01M, Peak:0.01M | Scene, ViewLayer | Updating Meshes Flags
Fra:1 Mem:18.21M (Peak 19.66M) | Time:00:00.00 | Mem:0.01M, Peak:0.01M | Scene, ViewLayer | Updating Objects
Fra:1 Mem:18.21M (Peak 19.66M) | Time:00:00.00 | Mem:0.01M, Peak:0.01M | Scene, ViewLayer | Updating Objects | Copying Transformations to device
Fra:1 Mem:18.21M (Peak 19.66M) | Time:00:00.00 | Mem:0.01M, Peak:0.01M | Scene, ViewLayer | Updating Objects | Applying Static Transformations
Fra:1 Mem:18.21M (Peak 19.66M) | Time:00:00.00 | Mem:0.01M, Peak:0.01M | Scene, ViewLayer | Updating Particle Systems
Fra:1 Mem:18.21M (Peak 19.66M) | Time:00:00.00 | Mem:0.01M, Peak:0.01M | Scene, ViewLayer | Updating Particle Systems | Copying Particles to device
Fra:1 Mem:18.21M (Peak 19.66M) | Time:00:00.00 | Mem:0.01M, Peak:0.01M | Scene, ViewLayer | Updating Meshes
Fra:1 Mem:18.22M (Peak 19.66M) | Time:00:00.00 | Mem:0.01M, Peak:0.01M | Scene, ViewLayer | Updating Mesh | Computing attributes
Fra:1 Mem:18.22M (Peak 19.66M) | Time:00:00.00 | Mem:0.01M, Peak:0.01M | Scene, ViewLayer | Updating Mesh | Copying Attributes to device
Fra:1 Mem:18.22M (Peak 19.66M) | Time:00:00.00 | Mem:0.02M, Peak:0.02M | Scene, ViewLayer | Updating Scene BVH | Building
Fra:1 Mem:18.22M (Peak 19.66M) | Time:00:00.00 | Mem:0.02M, Peak:0.02M | Scene, ViewLayer | Updating Scene BVH | Building BVH
Fra:1 Mem:18.22M (Peak 19.66M) | Time:00:00.00 | Mem:0.03M, Peak:0.03M | Scene, ViewLayer | Updating Scene BVH | Building BVH 0%
Fra:1 Mem:18.22M (Peak 19.66M) | Time:00:00.00 | Mem:0.06M, Peak:0.07M | Scene, ViewLayer | Updating Scene BVH | Copying BVH to device
Fra:1 Mem:18.22M (Peak 19.66M) | Time:00:00.00 | Mem:0.06M, Peak:0.07M | Scene, ViewLayer | Updating Mesh | Computing normals
Fra:1 Mem:18.24M (Peak 19.66M) | Time:00:00.01 | Mem:0.06M, Peak:0.07M | Scene, ViewLayer | Updating Mesh | Copying Mesh to device
Fra:1 Mem:18.24M (Peak 19.66M) | Time:00:00.01 | Mem:0.08M, Peak:0.08M | Scene, ViewLayer | Updating Objects Flags
Fra:1 Mem:18.24M (Peak 19.66M) | Time:00:00.01 | Mem:0.08M, Peak:0.08M | Scene, ViewLayer | Updating Primitive Offsets
Fra:1 Mem:18.24M (Peak 19.66M) | Time:00:00.01 | Mem:0.08M, Peak:0.08M | Scene, ViewLayer | Updating Images
Fra:1 Mem:18.24M (Peak 19.66M) | Time:00:00.01 | Mem:0.08M, Peak:0.08M | Scene, ViewLayer | Updating Camera Volume
Fra:1 Mem:18.24M (Peak 19.66M) | Time:00:00.01 | Mem:0.08M, Peak:0.08M | Scene, ViewLayer | Updating Lookup Tables
Fra:1 Mem:18.24M (Peak 19.66M) | Time:00:00.01 | Mem:0.16M, Peak:0.16M | Scene, ViewLayer | Updating Lights
Fra:1 Mem:18.24M (Peak 19.66M) | Time:00:00.01 | Mem:0.16M, Peak:0.16M | Scene, ViewLayer | Updating Lights | Computing tree
Fra:1 Mem:18.25M (Peak 19.66M) | Time:00:00.01 | Mem:0.16M, Peak:0.16M | Scene, ViewLayer | Updating Integrator
Fra:1 Mem:18.25M (Peak 19.66M) | Time:00:00.01 | Mem:0.16M, Peak:0.16M | Scene, ViewLayer | Updating Film
Fra:1 Mem:18.25M (Peak 19.66M) | Time:00:00.01 | Mem:0.08M, Peak:0.16M | Scene, ViewLayer | Updating Lookup Tables
Fra:1 Mem:18.25M (Peak 19.66M) | Time:00:00.01 | Mem:0.16M, Peak:0.16M | Scene, ViewLayer | Updating Baking
Fra:1 Mem:18.25M (Peak 19.66M) | Time:00:00.01 | Mem:0.16M, Peak:0.16M | Scene, ViewLayer | Updating Device | Writing constant memory
Fra:1 Mem:18.25M (Peak 19.66M) | Time:00:00.01 | Mem:0.16M, Peak:0.16M | Scene, ViewLayer | Loading denoising kernels (may take a few minutes the first time)
Fra:1 Mem:18.25M (Peak 19.66M) | Time:00:00.01 | Mem:0.16M, Peak:0.16M | Scene, ViewLayer | Sample 0/24
Fra:1 Mem:105.42M (Peak 105.42M) | Time:00:00.77 | Remaining:00:17.65 | Mem:87.14M, Peak:87.14M | Scene, ViewLayer | Sample 1/24
Fra:1 Mem:142.04M (Peak 196.97M) | Time:00:27.13 | Mem:87.14M, Peak:87.14M | Scene, ViewLayer | Sample 24/24
Fra:1 Mem:142.04M (Peak 196.97M) | Time:00:27.13 | Mem:87.14M, Peak:87.14M | Scene, ViewLayer | Finished
Saved: 'D:\projects\njin\src\games\sandtable\assets\characters\clay_people\generated\collector.png'
Time: 00:27.34 (Saving: 00:00.20)


Info: Saved "collector.blend"
21:43:11 | INFO: Starting glTF 2.0 export
21:43:11 | INFO: Extracting primitive: enforcer_mesh
21:43:11 | INFO: Primitives created: 4
21:43:14 | INFO: Finished glTF 2.0 export in 2.4280173778533936 s
Fra:1 Mem:21.20M (Peak 21.20M) | Time:00:00.01 | Mem:0.00M, Peak:0.00M | Scene, ViewLayer | Synchronizing object | enforcer
Fra:1 Mem:21.20M (Peak 21.20M) | Time:00:00.01 | Mem:0.00M, Peak:0.00M | Scene, ViewLayer | Synchronizing object | STUDIO_Ground
Fra:1 Mem:21.24M (Peak 21.24M) | Time:00:00.01 | Mem:0.00M, Peak:0.00M | Scene, ViewLayer | Initializing
Fra:1 Mem:19.62M (Peak 21.24M) | Time:00:00.01 | Mem:0.00M, Peak:0.00M | Scene, ViewLayer | Waiting for render to start
Fra:1 Mem:19.62M (Peak 21.24M) | Time:00:00.01 | Mem:0.00M, Peak:0.00M | Scene, ViewLayer | Loading render kernels (may take a few minutes the first time)
Fra:1 Mem:19.62M (Peak 21.24M) | Time:00:00.01 | Mem:0.00M, Peak:0.00M | Scene, ViewLayer | Updating Scene
Fra:1 Mem:19.62M (Peak 21.24M) | Time:00:00.01 | Mem:0.00M, Peak:0.00M | Scene, ViewLayer | Updating Shaders
Fra:1 Mem:19.71M (Peak 21.24M) | Time:00:00.01 | Mem:0.01M, Peak:0.01M | Scene, ViewLayer | Updating Procedurals
Fra:1 Mem:19.71M (Peak 21.24M) | Time:00:00.01 | Mem:0.01M, Peak:0.01M | Scene, ViewLayer | Updating Background
Fra:1 Mem:19.71M (Peak 21.24M) | Time:00:00.01 | Mem:0.01M, Peak:0.01M | Scene, ViewLayer | Updating Camera
Fra:1 Mem:19.71M (Peak 21.24M) | Time:00:00.01 | Mem:0.01M, Peak:0.01M | Scene, ViewLayer | Updating Meshes Flags
Fra:1 Mem:19.71M (Peak 21.24M) | Time:00:00.01 | Mem:0.01M, Peak:0.01M | Scene, ViewLayer | Updating Objects
Fra:1 Mem:19.71M (Peak 21.24M) | Time:00:00.01 | Mem:0.01M, Peak:0.01M | Scene, ViewLayer | Updating Objects | Copying Transformations to device
Fra:1 Mem:19.72M (Peak 21.24M) | Time:00:00.01 | Mem:0.01M, Peak:0.01M | Scene, ViewLayer | Updating Objects | Applying Static Transformations
Fra:1 Mem:19.72M (Peak 21.24M) | Time:00:00.01 | Mem:0.01M, Peak:0.01M | Scene, ViewLayer | Updating Particle Systems
Fra:1 Mem:19.72M (Peak 21.24M) | Time:00:00.01 | Mem:0.01M, Peak:0.01M | Scene, ViewLayer | Updating Particle Systems | Copying Particles to device
Fra:1 Mem:19.72M (Peak 21.24M) | Time:00:00.01 | Mem:0.01M, Peak:0.01M | Scene, ViewLayer | Updating Meshes
Fra:1 Mem:19.72M (Peak 21.24M) | Time:00:00.01 | Mem:0.01M, Peak:0.01M | Scene, ViewLayer | Updating Mesh | Computing attributes
Fra:1 Mem:19.73M (Peak 21.24M) | Time:00:00.01 | Mem:0.01M, Peak:0.01M | Scene, ViewLayer | Updating Mesh | Copying Attributes to device
Fra:1 Mem:19.73M (Peak 21.24M) | Time:00:00.01 | Mem:0.02M, Peak:0.02M | Scene, ViewLayer | Updating Scene BVH | Building
Fra:1 Mem:19.73M (Peak 21.24M) | Time:00:00.01 | Mem:0.02M, Peak:0.02M | Scene, ViewLayer | Updating Scene BVH | Building BVH
Fra:1 Mem:19.73M (Peak 21.24M) | Time:00:00.01 | Mem:0.03M, Peak:0.03M | Scene, ViewLayer | Updating Scene BVH | Building BVH 0%
Fra:1 Mem:19.73M (Peak 21.24M) | Time:00:00.01 | Mem:0.05M, Peak:0.07M | Scene, ViewLayer | Updating Scene BVH | Copying BVH to device
Fra:1 Mem:19.73M (Peak 21.24M) | Time:00:00.01 | Mem:0.05M, Peak:0.07M | Scene, ViewLayer | Updating Mesh | Computing normals
Fra:1 Mem:19.75M (Peak 21.24M) | Time:00:00.01 | Mem:0.05M, Peak:0.07M | Scene, ViewLayer | Updating Mesh | Copying Mesh to device
Fra:1 Mem:19.75M (Peak 21.24M) | Time:00:00.01 | Mem:0.07M, Peak:0.07M | Scene, ViewLayer | Updating Objects Flags
Fra:1 Mem:19.75M (Peak 21.24M) | Time:00:00.01 | Mem:0.07M, Peak:0.07M | Scene, ViewLayer | Updating Primitive Offsets
Fra:1 Mem:19.75M (Peak 21.24M) | Time:00:00.01 | Mem:0.07M, Peak:0.07M | Scene, ViewLayer | Updating Images
Fra:1 Mem:19.75M (Peak 21.24M) | Time:00:00.01 | Mem:0.07M, Peak:0.07M | Scene, ViewLayer | Updating Camera Volume
Fra:1 Mem:19.75M (Peak 21.24M) | Time:00:00.01 | Mem:0.07M, Peak:0.07M | Scene, ViewLayer | Updating Lookup Tables
Fra:1 Mem:19.75M (Peak 21.24M) | Time:00:00.01 | Mem:0.16M, Peak:0.16M | Scene, ViewLayer | Updating Lights
Fra:1 Mem:19.75M (Peak 21.24M) | Time:00:00.01 | Mem:0.16M, Peak:0.16M | Scene, ViewLayer | Updating Lights | Computing tree
Fra:1 Mem:19.75M (Peak 21.24M) | Time:00:00.01 | Mem:0.16M, Peak:0.16M | Scene, ViewLayer | Updating Integrator
Fra:1 Mem:19.75M (Peak 21.24M) | Time:00:00.01 | Mem:0.16M, Peak:0.16M | Scene, ViewLayer | Updating Film
Fra:1 Mem:19.75M (Peak 21.24M) | Time:00:00.01 | Mem:0.08M, Peak:0.16M | Scene, ViewLayer | Updating Lookup Tables
Fra:1 Mem:19.75M (Peak 21.24M) | Time:00:00.01 | Mem:0.16M, Peak:0.16M | Scene, ViewLayer | Updating Baking
Fra:1 Mem:19.75M (Peak 21.24M) | Time:00:00.01 | Mem:0.16M, Peak:0.16M | Scene, ViewLayer | Updating Device | Writing constant memory
Fra:1 Mem:19.75M (Peak 21.24M) | Time:00:00.01 | Mem:0.16M, Peak:0.16M | Scene, ViewLayer | Loading denoising kernels (may take a few minutes the first time)
Fra:1 Mem:19.75M (Peak 21.24M) | Time:00:00.01 | Mem:0.16M, Peak:0.16M | Scene, ViewLayer | Sample 0/24
Fra:1 Mem:106.92M (Peak 106.92M) | Time:00:00.73 | Remaining:00:16.51 | Mem:87.14M, Peak:87.14M | Scene, ViewLayer | Sample 1/24
Fra:1 Mem:143.54M (Peak 198.48M) | Time:00:27.40 | Mem:87.14M, Peak:87.14M | Scene, ViewLayer | Sample 24/24
Fra:1 Mem:143.54M (Peak 198.48M) | Time:00:27.40 | Mem:87.14M, Peak:87.14M | Scene, ViewLayer | Finished
Saved: 'D:\projects\njin\src\games\sandtable\assets\characters\clay_people\generated\enforcer.png'
Time: 00:27.61 (Saving: 00:00.19)

Fra:1 Mem:22.50M (Peak 22.50M) | Time:00:00.00 | Mem:0.00M, Peak:0.00M | Scene, ViewLayer | Synchronizing object | STUDIO_Ground
Fra:1 Mem:22.50M (Peak 22.50M) | Time:00:00.00 | Mem:0.00M, Peak:0.00M | Scene, ViewLayer | Synchronizing object | reference
Fra:1 Mem:22.52M (Peak 22.52M) | Time:00:00.00 | Mem:0.00M, Peak:0.00M | Scene, ViewLayer | Synchronizing object | lookout
Fra:1 Mem:22.65M (Peak 22.65M) | Time:00:00.00 | Mem:0.00M, Peak:0.00M | Scene, ViewLayer | Initializing
Fra:1 Mem:19.32M (Peak 22.65M) | Time:00:00.00 | Mem:0.00M, Peak:0.00M | Scene, ViewLayer | Waiting for render to start
Fra:1 Mem:19.32M (Peak 22.65M) | Time:00:00.00 | Mem:0.00M, Peak:0.00M | Scene, ViewLayer | Loading render kernels (may take a few minutes the first time)
Fra:1 Mem:19.32M (Peak 22.65M) | Time:00:00.00 | Mem:0.00M, Peak:0.00M | Scene, ViewLayer | Updating Scene
Fra:1 Mem:19.32M (Peak 22.65M) | Time:00:00.00 | Mem:0.00M, Peak:0.00M | Scene, ViewLayer | Updating Shaders
Fra:1 Mem:19.44M (Peak 22.65M) | Time:00:00.00 | Mem:0.04M, Peak:0.04M | Scene, ViewLayer | Updating Procedurals
Fra:1 Mem:19.44M (Peak 22.65M) | Time:00:00.00 | Mem:0.04M, Peak:0.04M | Scene, ViewLayer | Updating Background
Fra:1 Mem:19.44M (Peak 22.65M) | Time:00:00.00 | Mem:0.04M, Peak:0.04M | Scene, ViewLayer | Updating Camera
Fra:1 Mem:19.44M (Peak 22.65M) | Time:00:00.00 | Mem:0.04M, Peak:0.04M | Scene, ViewLayer | Updating Meshes Flags
Fra:1 Mem:19.44M (Peak 22.65M) | Time:00:00.00 | Mem:0.04M, Peak:0.04M | Scene, ViewLayer | Updating Objects
Fra:1 Mem:19.44M (Peak 22.65M) | Time:00:00.00 | Mem:0.04M, Peak:0.04M | Scene, ViewLayer | Updating Objects | Copying Transformations to device
Fra:1 Mem:19.44M (Peak 22.65M) | Time:00:00.00 | Mem:0.04M, Peak:0.04M | Scene, ViewLayer | Updating Objects | Applying Static Transformations
Fra:1 Mem:19.44M (Peak 22.65M) | Time:00:00.00 | Mem:0.04M, Peak:0.04M | Scene, ViewLayer | Updating Particle Systems
Fra:1 Mem:19.44M (Peak 22.65M) | Time:00:00.00 | Mem:0.04M, Peak:0.04M | Scene, ViewLayer | Updating Particle Systems | Copying Particles to device
Fra:1 Mem:19.44M (Peak 22.65M) | Time:00:00.00 | Mem:0.04M, Peak:0.04M | Scene, ViewLayer | Updating Meshes
Fra:1 Mem:19.48M (Peak 22.65M) | Time:00:00.00 | Mem:0.04M, Peak:0.04M | Scene, ViewLayer | Updating Mesh | Computing attributes
Fra:1 Mem:19.49M (Peak 22.65M) | Time:00:00.00 | Mem:0.04M, Peak:0.04M | Scene, ViewLayer | Updating Mesh | Copying Attributes to device
Fra:1 Mem:19.49M (Peak 22.65M) | Time:00:00.00 | Mem:0.06M, Peak:0.06M | Scene, ViewLayer | Updating Scene BVH | Building
Fra:1 Mem:19.49M (Peak 22.65M) | Time:00:00.00 | Mem:0.06M, Peak:0.06M | Scene, ViewLayer | Updating Scene BVH | Building BVH
Fra:1 Mem:19.49M (Peak 22.65M) | Time:00:00.00 | Mem:0.12M, Peak:0.12M | Scene, ViewLayer | Updating Scene BVH | Building BVH 0%
Fra:1 Mem:19.49M (Peak 22.65M) | Time:00:00.01 | Mem:0.19M, Peak:0.26M | Scene, ViewLayer | Updating Scene BVH | Copying BVH to device
Fra:1 Mem:19.49M (Peak 22.65M) | Time:00:00.01 | Mem:0.19M, Peak:0.26M | Scene, ViewLayer | Updating Mesh | Computing normals
Fra:1 Mem:19.57M (Peak 22.65M) | Time:00:00.01 | Mem:0.19M, Peak:0.26M | Scene, ViewLayer | Updating Mesh | Copying Mesh to device
Fra:1 Mem:19.57M (Peak 22.65M) | Time:00:00.01 | Mem:0.27M, Peak:0.27M | Scene, ViewLayer | Updating Objects Flags
Fra:1 Mem:19.57M (Peak 22.65M) | Time:00:00.01 | Mem:0.27M, Peak:0.27M | Scene, ViewLayer | Updating Primitive Offsets
Fra:1 Mem:19.57M (Peak 22.65M) | Time:00:00.01 | Mem:0.27M, Peak:0.27M | Scene, ViewLayer | Updating Images
Fra:1 Mem:19.57M (Peak 22.65M) | Time:00:00.01 | Mem:0.27M, Peak:0.27M | Scene, ViewLayer | Updating Camera Volume
Fra:1 Mem:19.57M (Peak 22.65M) | Time:00:00.01 | Mem:0.27M, Peak:0.27M | Scene, ViewLayer | Updating Lookup Tables
Fra:1 Mem:19.57M (Peak 22.65M) | Time:00:00.01 | Mem:0.35M, Peak:0.35M | Scene, ViewLayer | Updating Lights
Fra:1 Mem:19.57M (Peak 22.65M) | Time:00:00.01 | Mem:0.36M, Peak:0.36M | Scene, ViewLayer | Updating Lights | Computing tree
Fra:1 Mem:19.57M (Peak 22.65M) | Time:00:00.01 | Mem:0.36M, Peak:0.36M | Scene, ViewLayer | Updating Integrator
Fra:1 Mem:19.57M (Peak 22.65M) | Time:00:00.01 | Mem:0.36M, Peak:0.36M | Scene, ViewLayer | Updating Film
Fra:1 Mem:19.57M (Peak 22.65M) | Time:00:00.01 | Mem:0.27M, Peak:0.36M | Scene, ViewLayer | Updating Lookup Tables
Fra:1 Mem:19.57M (Peak 22.65M) | Time:00:00.01 | Mem:0.36M, Peak:0.36M | Scene, ViewLayer | Updating Baking
Fra:1 Mem:19.57M (Peak 22.65M) | Time:00:00.01 | Mem:0.36M, Peak:0.36M | Scene, ViewLayer | Updating Device | Writing constant memory
Fra:1 Mem:19.58M (Peak 22.65M) | Time:00:00.01 | Mem:0.36M, Peak:0.36M | Scene, ViewLayer | Loading denoising kernels (may take a few minutes the first time)
Fra:1 Mem:19.58M (Peak 22.65M) | Time:00:00.01 | Mem:0.36M, Peak:0.36M | Scene, ViewLayer | Sample 0/24
Fra:1 Mem:135.73M (Peak 135.73M) | Time:00:01.28 | Remaining:00:29.28 | Mem:116.33M, Peak:116.33M | Scene, ViewLayer | Sample 1/24
Fra:1 Mem:184.56M (Peak 257.81M) | Time:00:18.19 | Mem:116.33M, Peak:116.33M | Scene, ViewLayer | Sample 24/24
Fra:1 Mem:184.56M (Peak 257.81M) | Time:00:18.19 | Mem:116.33M, Peak:116.33M | Scene, ViewLayer | Finished
Saved: 'D:\projects\njin\src\games\sandtable\assets\characters\clay_people\generated\lineup.png'
Time: 00:18.38 (Saving: 00:00.18)


Info: Saved "enforcer.blend"
CLAY_PEOPLE_COMPLETE D:\projects\njin\src\games\sandtable\assets\characters\clay_people\generated

Blender quit
