Extensions: writing cache failed ([Errno 13] Permission denied: 'C:\\Users\\tptin\\AppData\\Roaming\\Blender Foundation\\Blender\\4.4\\extensions\\.cache\\compat.dat').
21:48:31 | INFO: Data are loaded, start creating Blender stuff
21:48:31 | INFO: Blender create Mesh node collector_mesh
21:48:31 | INFO: glTF import finished in 0.09s
Extensions: writing cache failed ([Errno 13] Permission denied: 'C:\\Users\\tptin\\AppData\\Roaming\\Blender Foundation\\Blender\\4.4\\extensions\\.cache\\compat.dat').
21:48:31 | INFO: Data are loaded, start creating Blender stuff
21:48:31 | INFO: Blender create Mesh node enforcer_mesh
21:48:31 | INFO: glTF import finished in 0.07s
Extensions: writing cache failed ([Errno 13] Permission denied: 'C:\\Users\\tptin\\AppData\\Roaming\\Blender Foundation\\Blender\\4.4\\extensions\\.cache\\compat.dat').
21:48:31 | INFO: Data are loaded, start creating Blender stuff
21:48:31 | INFO: Blender create Mesh node lookout_mesh
21:48:31 | INFO: glTF import finished in 0.08s
Extensions: writing cache failed ([Errno 13] Permission denied: 'C:\\Users\\tptin\\AppData\\Roaming\\Blender Foundation\\Blender\\4.4\\extensions\\.cache\\compat.dat').
21:48:32 | INFO: Data are loaded, start creating Blender stuff
21:48:32 | INFO: Blender create Mesh node reference_mesh
21:48:32 | INFO: glTF import finished in 0.08s
Blender 4.4.3 (hash 802179c51ccc built 2025-04-29 15:39:58)
Read blend: "D:\projects\njin\src\games\sandtable\assets\characters\clay_people\generated\reference.blend"
Fra:46 Mem:16.32M (Peak 16.32M) | Time:00:00.00 | Mem:0.00M, Peak:0.00M | Scene, ViewLayer | Synchronizing object | STUDIO_Ground
Fra:46 Mem:16.33M (Peak 16.33M) | Time:00:00.00 | Mem:0.00M, Peak:0.00M | Scene, ViewLayer | Synchronizing object | POSE_Death01
Fra:46 Mem:16.35M (Peak 16.35M) | Time:00:00.00 | Mem:0.00M, Peak:0.00M | Scene, ViewLayer | Synchronizing object | POSE_Sitting_Idle_Loop
Fra:46 Mem:16.36M (Peak 16.36M) | Time:00:00.00 | Mem:0.00M, Peak:0.00M | Scene, ViewLayer | Synchronizing object | POSE_Punch_Jab
Fra:46 Mem:16.49M (Peak 16.49M) | Time:00:00.00 | Mem:0.00M, Peak:0.00M | Scene, ViewLayer | Initializing
Fra:46 Mem:15.16M (Peak 16.49M) | Time:00:00.00 | Mem:0.00M, Peak:0.00M | Scene, ViewLayer | Waiting for render to start
Fra:46 Mem:15.16M (Peak 16.49M) | Time:00:00.00 | Mem:0.00M, Peak:0.00M | Scene, ViewLayer | Loading render kernels (may take a few minutes the first time)
Fra:46 Mem:15.16M (Peak 16.49M) | Time:00:00.00 | Mem:0.00M, Peak:0.00M | Scene, ViewLayer | Updating Scene
Fra:46 Mem:15.16M (Peak 16.49M) | Time:00:00.00 | Mem:0.00M, Peak:0.00M | Scene, ViewLayer | Updating Shaders
Fra:46 Mem:15.25M (Peak 16.49M) | Time:00:00.00 | Mem:0.01M, Peak:0.01M | Scene, ViewLayer | Updating Procedurals
Fra:46 Mem:15.25M (Peak 16.49M) | Time:00:00.00 | Mem:0.01M, Peak:0.01M | Scene, ViewLayer | Updating Background
Fra:46 Mem:15.25M (Peak 16.49M) | Time:00:00.00 | Mem:0.01M, Peak:0.01M | Scene, ViewLayer | Updating Camera
Fra:46 Mem:15.25M (Peak 16.49M) | Time:00:00.00 | Mem:0.01M, Peak:0.01M | Scene, ViewLayer | Updating Meshes Flags
Fra:46 Mem:15.25M (Peak 16.49M) | Time:00:00.00 | Mem:0.01M, Peak:0.01M | Scene, ViewLayer | Updating Objects
Fra:46 Mem:15.25M (Peak 16.49M) | Time:00:00.00 | Mem:0.01M, Peak:0.01M | Scene, ViewLayer | Updating Objects | Copying Transformations to device
Fra:46 Mem:15.26M (Peak 16.49M) | Time:00:00.00 | Mem:0.01M, Peak:0.01M | Scene, ViewLayer | Updating Objects | Applying Static Transformations
Fra:46 Mem:15.26M (Peak 16.49M) | Time:00:00.00 | Mem:0.01M, Peak:0.01M | Scene, ViewLayer | Updating Particle Systems
Fra:46 Mem:15.26M (Peak 16.49M) | Time:00:00.00 | Mem:0.01M, Peak:0.01M | Scene, ViewLayer | Updating Particle Systems | Copying Particles to device
Fra:46 Mem:15.26M (Peak 16.49M) | Time:00:00.00 | Mem:0.01M, Peak:0.01M | Scene, ViewLayer | Updating Meshes
Fra:46 Mem:15.29M (Peak 16.49M) | Time:00:00.00 | Mem:0.01M, Peak:0.01M | Scene, ViewLayer | Updating Mesh | Computing attributes
Fra:46 Mem:15.30M (Peak 16.49M) | Time:00:00.00 | Mem:0.01M, Peak:0.01M | Scene, ViewLayer | Updating Mesh | Copying Attributes to device
Fra:46 Mem:15.30M (Peak 16.49M) | Time:00:00.00 | Mem:0.03M, Peak:0.03M | Scene, ViewLayer | Updating Scene BVH | Building
Fra:46 Mem:15.30M (Peak 16.49M) | Time:00:00.00 | Mem:0.03M, Peak:0.03M | Scene, ViewLayer | Updating Scene BVH | Building BVH
Fra:46 Mem:15.30M (Peak 16.49M) | Time:00:00.00 | Mem:0.09M, Peak:0.09M | Scene, ViewLayer | Updating Scene BVH | Building BVH 0%
Fra:46 Mem:15.30M (Peak 16.49M) | Time:00:00.00 | Mem:0.16M, Peak:0.22M | Scene, ViewLayer | Updating Scene BVH | Copying BVH to device
Fra:46 Mem:15.30M (Peak 16.49M) | Time:00:00.00 | Mem:0.16M, Peak:0.22M | Scene, ViewLayer | Updating Mesh | Computing normals
Fra:46 Mem:15.38M (Peak 16.49M) | Time:00:00.00 | Mem:0.16M, Peak:0.22M | Scene, ViewLayer | Updating Mesh | Copying Mesh to device
Fra:46 Mem:15.38M (Peak 16.49M) | Time:00:00.00 | Mem:0.23M, Peak:0.23M | Scene, ViewLayer | Updating Objects Flags
Fra:46 Mem:15.38M (Peak 16.49M) | Time:00:00.00 | Mem:0.23M, Peak:0.23M | Scene, ViewLayer | Updating Primitive Offsets
Fra:46 Mem:15.38M (Peak 16.49M) | Time:00:00.00 | Mem:0.23M, Peak:0.23M | Scene, ViewLayer | Updating Images
Fra:46 Mem:15.38M (Peak 16.49M) | Time:00:00.00 | Mem:0.23M, Peak:0.23M | Scene, ViewLayer | Updating Camera Volume
Fra:46 Mem:15.38M (Peak 16.49M) | Time:00:00.00 | Mem:0.23M, Peak:0.23M | Scene, ViewLayer | Updating Lookup Tables
Fra:46 Mem:15.38M (Peak 16.49M) | Time:00:00.00 | Mem:0.31M, Peak:0.31M | Scene, ViewLayer | Updating Lights
Fra:46 Mem:15.38M (Peak 16.49M) | Time:00:00.00 | Mem:0.31M, Peak:0.31M | Scene, ViewLayer | Updating Lights | Computing tree
Fra:46 Mem:15.38M (Peak 16.49M) | Time:00:00.00 | Mem:0.31M, Peak:0.31M | Scene, ViewLayer | Updating Integrator
Fra:46 Mem:15.38M (Peak 16.49M) | Time:00:00.00 | Mem:0.31M, Peak:0.31M | Scene, ViewLayer | Updating Film
Fra:46 Mem:15.38M (Peak 16.49M) | Time:00:00.00 | Mem:0.23M, Peak:0.31M | Scene, ViewLayer | Updating Lookup Tables
Fra:46 Mem:15.38M (Peak 16.49M) | Time:00:00.00 | Mem:0.32M, Peak:0.32M | Scene, ViewLayer | Updating Baking
Fra:46 Mem:15.38M (Peak 16.49M) | Time:00:00.00 | Mem:0.32M, Peak:0.32M | Scene, ViewLayer | Updating Device | Writing constant memory
Fra:46 Mem:15.38M (Peak 16.49M) | Time:00:00.00 | Mem:0.32M, Peak:0.32M | Scene, ViewLayer | Loading denoising kernels (may take a few minutes the first time)
Fra:46 Mem:15.38M (Peak 16.49M) | Time:00:00.00 | Mem:0.32M, Peak:0.32M | Scene, ViewLayer | Sample 0/12
Fra:46 Mem:119.94M (Peak 119.94M) | Time:00:00.39 | Remaining:00:04.25 | Mem:104.69M, Peak:104.69M | Scene, ViewLayer | Sample 1/12
Fra:46 Mem:163.89M (Peak 229.81M) | Time:00:16.65 | Mem:104.69M, Peak:104.69M | Scene, ViewLayer | Sample 12/12
Fra:46 Mem:163.89M (Peak 229.81M) | Time:00:16.65 | Mem:104.69M, Peak:104.69M | Scene, ViewLayer | Finished
Saved: 'D:\projects\njin\src\games\sandtable\assets\characters\clay_people\generated\poses.png'
Time: 00:16.94 (Saving: 00:00.27)

VALIDATION_OK [('collector.glb', 13), ('enforcer.glb', 13), ('lookout.glb', 13), ('reference.glb', 13)]

Blender quit
